============================================================
 NoneCDN - SNAPSHOT IMPORT STAGE 3
============================================================
Archive: /root/config-location-final-20260830-170522.tar.gz
Started: 2026-09-08T18:03:57+00:00

[OK] Snapshot validated
[OK] Snapshot reference copied
[OK] Python runtime baseline copied
[OK] Runtime namespace converted
[OK] Panel defaults adjusted
[OK] Source TTL support added
[WARN] Exact interval HTML marker not found; TTL backend remains available.
[OK] Panel TTL patch attempted safely

===== PYTHON SYNTAX =====
[OK] Python syntax
[OK] UI feature: Fetch Now
[OK] UI feature: Reset Runtime
[OK] UI feature: Rebuild
[OK] UI feature: Clear Data
[OK] UI feature: source_bulk_add
[OK] UI feature: source_delete_selected
[OK] UI feature: source_delete_all
[OK] UI feature: source_toggle_handler
[OK] Fetcher feature: GLOBAL_REQUEST_CONCURRENCY
[OK] Fetcher feature: worker_tasks
[OK] Fetcher feature: worker_wake_events
[OK] Fetcher feature: request_semaphore
[OK] Fetcher feature: REQUEST_RETRIES
[OK] Fetcher feature: SOURCE_BACKOFF_STEPS

===== DEPLOY =====
[OK] Python source deployed

===== PYTHON ENVIRONMENT =====
Requirement already satisfied: pip in /opt/nonecdn/venv/lib/python3.14/site-packages (25.1.1)
Collecting pip
  Using cached pip-26.2.1-py3-none-any.whl.metadata (4.6 kB)
Collecting wheel
  Using cached wheel-0.48.0-py3-none-any.whl.metadata (2.3 kB)
Collecting packaging>=24.0 (from wheel)
  Using cached packaging-26.3-py3-none-any.whl.metadata (3.5 kB)
Using cached pip-26.2.1-py3-none-any.whl (1.8 MB)
Using cached wheel-0.48.0-py3-none-any.whl (33 kB)
Using cached packaging-26.3-py3-none-any.whl (129 kB)
Installing collected packages: pip, packaging, wheel
  Attempting uninstall: pip
    Found existing installation: pip 25.1.1
    Uninstalling pip-25.1.1:
      Successfully uninstalled pip-25.1.1

Successfully installed packaging-26.3 pip-26.2.1 wheel-0.48.0
Collecting aiohttp<4,>=3.10 (from -r /opt/nonecdn/python/requirements.txt (line 1))
  Downloading aiohttp-3.14.3-cp314-cp314-manylinux2014_x86_64.manylinux_2_17_x86_64.manylinux_2_28_x86_64.whl.metadata (8.3 kB)
Collecting httpx<1,>=0.27 (from -r /opt/nonecdn/python/requirements.txt (line 2))
  Downloading httpx-0.28.1-py3-none-any.whl.metadata (7.1 kB)
Collecting aiohappyeyeballs>=2.5.0 (from aiohttp<4,>=3.10->-r /opt/nonecdn/python/requirements.txt (line 1))
  Downloading aiohappyeyeballs-2.7.1-py3-none-any.whl.metadata (5.9 kB)
Collecting aiosignal>=1.4.0 (from aiohttp<4,>=3.10->-r /opt/nonecdn/python/requirements.txt (line 1))
  Downloading aiosignal-1.4.0-py3-none-any.whl.metadata (3.7 kB)
Collecting attrs>=17.3.0 (from aiohttp<4,>=3.10->-r /opt/nonecdn/python/requirements.txt (line 1))
  Downloading attrs-26.1.0-py3-none-any.whl.metadata (8.8 kB)
Collecting frozenlist>=1.1.1 (from aiohttp<4,>=3.10->-r /opt/nonecdn/python/requirements.txt (line 1))
  Downloading frozenlist-1.8.0-cp314-cp314-manylinux1_x86_64.manylinux_2_28_x86_64.manylinux_2_5_x86_64.whl.metadata (20 kB)
Collecting multidict<7.0,>=4.5 (from aiohttp<4,>=3.10->-r /opt/nonecdn/python/requirements.txt (line 1))
  Downloading multidict-6.7.1-cp314-cp314-manylinux2014_x86_64.manylinux_2_17_x86_64.manylinux_2_28_x86_64.whl.metadata (5.3 kB)
Collecting propcache>=0.2.0 (from aiohttp<4,>=3.10->-r /opt/nonecdn/python/requirements.txt (line 1))
  Downloading propcache-0.5.2-cp314-cp314-manylinux2014_x86_64.manylinux_2_17_x86_64.manylinux_2_28_x86_64.whl.metadata (16 kB)
Collecting yarl<2.0,>=1.17.0 (from aiohttp<4,>=3.10->-r /opt/nonecdn/python/requirements.txt (line 1))
  Downloading yarl-1.24.5-cp314-cp314-manylinux2014_x86_64.manylinux_2_17_x86_64.manylinux_2_28_x86_64.whl.metadata (103 kB)
Collecting anyio (from httpx<1,>=0.27->-r /opt/nonecdn/python/requirements.txt (line 2))
  Downloading anyio-4.15.1-py3-none-any.whl.metadata (4.7 kB)
Collecting certifi (from httpx<1,>=0.27->-r /opt/nonecdn/python/requirements.txt (line 2))
  Downloading certifi-2026.7.22-py3-none-any.whl.metadata (2.5 kB)
Collecting httpcore==1.* (from httpx<1,>=0.27->-r /opt/nonecdn/python/requirements.txt (line 2))
  Downloading httpcore-1.0.9-py3-none-any.whl.metadata (21 kB)
Collecting idna (from httpx<1,>=0.27->-r /opt/nonecdn/python/requirements.txt (line 2))
  Downloading idna-3.19-py3-none-any.whl.metadata (9.2 kB)
Collecting h11>=0.16 (from httpcore==1.*->httpx<1,>=0.27->-r /opt/nonecdn/python/requirements.txt (line 2))
  Downloading h11-0.16.0-py3-none-any.whl.metadata (8.3 kB)
Collecting typing_extensions>=4.16.0 (from anyio->httpx<1,>=0.27->-r /opt/nonecdn/python/requirements.txt (line 2))
  Downloading typing_extensions-4.16.0-py3-none-any.whl.metadata (3.3 kB)
Downloading aiohttp-3.14.3-cp314-cp314-manylinux2014_x86_64.manylinux_2_17_x86_64.manylinux_2_28_x86_64.whl (1.8 MB)
   ━━━━━━━━━━━━━━━━━━━━━━━━━━━━━━━━━━ 1.8/1.8 MB 50.8 MB/s  0:00:00
Downloading httpx-0.28.1-py3-none-any.whl (73 kB)
Downloading httpcore-1.0.9-py3-none-any.whl (78 kB)
Downloading multidict-6.7.1-cp314-cp314-manylinux2014_x86_64.manylinux_2_17_x86_64.manylinux_2_28_x86_64.whl (248 kB)
Downloading yarl-1.24.5-cp314-cp314-manylinux2014_x86_64.manylinux_2_17_x86_64.manylinux_2_28_x86_64.whl (110 kB)
Downloading aiohappyeyeballs-2.7.1-py3-none-any.whl (15 kB)
Downloading aiosignal-1.4.0-py3-none-any.whl (7.5 kB)
Downloading attrs-26.1.0-py3-none-any.whl (67 kB)
Downloading frozenlist-1.8.0-cp314-cp314-manylinux1_x86_64.manylinux_2_28_x86_64.manylinux_2_5_x86_64.whl (231 kB)
Downloading h11-0.16.0-py3-none-any.whl (37 kB)
Downloading idna-3.19-py3-none-any.whl (68 kB)
Downloading propcache-0.5.2-cp314-cp314-manylinux2014_x86_64.manylinux_2_17_x86_64.manylinux_2_28_x86_64.whl (61 kB)
Downloading anyio-4.15.1-py3-none-any.whl (132 kB)
Downloading typing_extensions-4.16.0-py3-none-any.whl (45 kB)
Downloading certifi-2026.7.22-py3-none-any.whl (136 kB)
Installing collected packages: typing_extensions, propcache, multidict, idna, h11, frozenlist, certifi, attrs, aiohappyeyeballs, yarl, httpcore, anyio, aiosignal, httpx, aiohttp

Successfully installed aiohappyeyeballs-2.7.1 aiohttp-3.14.3 aiosignal-1.4.0 anyio-4.15.1 attrs-26.1.0 certifi-2026.7.22 frozenlist-1.8.0 h11-0.16.0 httpcore-1.0.9 httpx-0.28.1 idna-3.19 multidict-6.7.1 propcache-0.5.2 typing_extensions-4.16.0 yarl-1.24.5
[OK] Python dependencies

===== IMPORT TEST =====
Traceback (most recent call last):
  File "<string>", line 2, in <module>
    from app.core.source_manager import add_source
  File "/opt/nonecdn/python/app/core/source_manager.py", line 8, in <module>
    from .storage import read_json, atomic_write_json
  File "/opt/nonecdn/python/app/core/storage.py", line 9, in <module>
    from filelock import FileLock
ModuleNotFoundError: No module named 'filelock'

====================================================
Finished: 2026-09-08T18:04:08+00:00
Exit code: 1
====================================================
