============================================================
 NoneCDN - SNAPSHOT IMPORT STAGE 3
============================================================
Archive: /root/config-location-final-20260830-170522.tar.gz
Started: 2026-09-08T18:09:24+00:00

[OK] Snapshot validated
[OK] Snapshot reference copied
[OK] Python runtime baseline copied
[OK] Runtime namespace converted
[OK] Panel defaults adjusted
[OK] Source TTL support added
[WARN] Exact interval HTML marker not found; TTL backend remains available.
[OK] Panel TTL patch attempted safely

===== PYTHON SYNTAX =====
[OK] Python syntax
[OK] UI feature: Fetch Now
[OK] UI feature: Reset Runtime
[OK] UI feature: Rebuild
[OK] UI feature: Clear Data
[OK] UI feature: source_bulk_add
[OK] UI feature: source_delete_selected
[OK] UI feature: source_delete_all
[OK] UI feature: source_toggle_handler
[OK] Fetcher feature: GLOBAL_REQUEST_CONCURRENCY
[OK] Fetcher feature: worker_tasks
[OK] Fetcher feature: worker_wake_events
[OK] Fetcher feature: request_semaphore
[OK] Fetcher feature: REQUEST_RETRIES
[OK] Fetcher feature: SOURCE_BACKOFF_STEPS

===== DEPLOY =====
[OK] Python source deployed

===== PYTHON ENVIRONMENT =====
Requirement already satisfied: pip in /opt/nonecdn/venv/lib/python3.14/site-packages (26.2.1)
Requirement already satisfied: wheel in /opt/nonecdn/venv/lib/python3.14/site-packages (0.48.0)
Requirement already satisfied: packaging>=24.0 in /opt/nonecdn/venv/lib/python3.14/site-packages (from wheel) (26.3)
Requirement already satisfied: aiohttp<4,>=3.10 in /opt/nonecdn/venv/lib/python3.14/site-packages (from -r /opt/nonecdn/python/requirements.txt (line 1)) (3.14.3)
Requirement already satisfied: httpx<1,>=0.27 in /opt/nonecdn/venv/lib/python3.14/site-packages (from -r /opt/nonecdn/python/requirements.txt (line 2)) (0.28.1)
Collecting filelock<4,>=3.15 (from -r /opt/nonecdn/python/requirements.txt (line 3))
  Downloading filelock-3.32.5-py3-none-any.whl.metadata (2.0 kB)
Requirement already satisfied: aiohappyeyeballs>=2.5.0 in /opt/nonecdn/venv/lib/python3.14/site-packages (from aiohttp<4,>=3.10->-r /opt/nonecdn/python/requirements.txt (line 1)) (2.7.1)
Requirement already satisfied: aiosignal>=1.4.0 in /opt/nonecdn/venv/lib/python3.14/site-packages (from aiohttp<4,>=3.10->-r /opt/nonecdn/python/requirements.txt (line 1)) (1.4.0)
Requirement already satisfied: attrs>=17.3.0 in /opt/nonecdn/venv/lib/python3.14/site-packages (from aiohttp<4,>=3.10->-r /opt/nonecdn/python/requirements.txt (line 1)) (26.1.0)
Requirement already satisfied: frozenlist>=1.1.1 in /opt/nonecdn/venv/lib/python3.14/site-packages (from aiohttp<4,>=3.10->-r /opt/nonecdn/python/requirements.txt (line 1)) (1.8.0)
Requirement already satisfied: multidict<7.0,>=4.5 in /opt/nonecdn/venv/lib/python3.14/site-packages (from aiohttp<4,>=3.10->-r /opt/nonecdn/python/requirements.txt (line 1)) (6.7.1)
Requirement already satisfied: propcache>=0.2.0 in /opt/nonecdn/venv/lib/python3.14/site-packages (from aiohttp<4,>=3.10->-r /opt/nonecdn/python/requirements.txt (line 1)) (0.5.2)
Requirement already satisfied: yarl<2.0,>=1.17.0 in /opt/nonecdn/venv/lib/python3.14/site-packages (from aiohttp<4,>=3.10->-r /opt/nonecdn/python/requirements.txt (line 1)) (1.24.5)
Requirement already satisfied: anyio in /opt/nonecdn/venv/lib/python3.14/site-packages (from httpx<1,>=0.27->-r /opt/nonecdn/python/requirements.txt (line 2)) (4.15.1)
Requirement already satisfied: certifi in /opt/nonecdn/venv/lib/python3.14/site-packages (from httpx<1,>=0.27->-r /opt/nonecdn/python/requirements.txt (line 2)) (2026.7.22)
Requirement already satisfied: httpcore==1.* in /opt/nonecdn/venv/lib/python3.14/site-packages (from httpx<1,>=0.27->-r /opt/nonecdn/python/requirements.txt (line 2)) (1.0.9)
Requirement already satisfied: idna in /opt/nonecdn/venv/lib/python3.14/site-packages (from httpx<1,>=0.27->-r /opt/nonecdn/python/requirements.txt (line 2)) (3.19)
Requirement already satisfied: h11>=0.16 in /opt/nonecdn/venv/lib/python3.14/site-packages (from httpcore==1.*->httpx<1,>=0.27->-r /opt/nonecdn/python/requirements.txt (line 2)) (0.16.0)
Requirement already satisfied: typing_extensions>=4.16.0 in /opt/nonecdn/venv/lib/python3.14/site-packages (from anyio->httpx<1,>=0.27->-r /opt/nonecdn/python/requirements.txt (line 2)) (4.16.0)
Downloading filelock-3.32.5-py3-none-any.whl (100 kB)
Installing collected packages: filelock
Successfully installed filelock-3.32.5
[OK] Python dependencies

===== IMPORT TEST =====
[OK] Python imports
[OK] TTL last-seen calculation
[OK] Fetcher import
grep: /root/None_cdn_configs/python/app/core/__pycache__/storage.cpython-314.pyc: binary file matches
grep: /root/None_cdn_configs/python/app/core/__pycache__/source_runtime.cpython-314.pyc: binary file matches
grep: /root/None_cdn_configs/python/app/core/__pycache__/config_store.cpython-314.pyc: binary file matches
grep: /root/None_cdn_configs/python/app/core/__pycache__/source_manager.cpython-314.pyc: binary file matches
grep: /root/None_cdn_configs/python/app/panel/__pycache__/server.cpython-314.pyc: binary file matches
grep: /root/None_cdn_configs/python/app/fetcher/__pycache__/engine.cpython-314.pyc: binary file matches

============================================================
 SNAPSHOT STAGE 3 COMPLETE
============================================================

Reference:
/root/None_cdn_configs/reference/config-location-snapshot

New Python source:
/root/None_cdn_configs/python

Production:
/opt/nonecdn/python

Next:
CONFIG STORE + CDN DETECTOR + FETCHER INTEGRATION


====================================================
Finished: 2026-09-08T18:09:28+00:00
Exit code: 0
====================================================
